// Jest Snapshot v1, https://goo.gl/fbAQLP

exports[`ListItem should render correctly ListItem 1`] = `
.c1 {
  -webkit-align-items: flex-start;
  -webkit-box-align: flex-start;
  -ms-flex-align: flex-start;
  align-items: flex-start;
  display: -webkit-box;
  display: -webkit-flex;
  display: -ms-flexbox;
  display: flex;
  -webkit-flex: 1;
  -ms-flex: 1;
  flex: 1;
  -webkit-flex-direction: column;
  -ms-flex-direction: column;
  flex-direction: column;
  gap: 0.5rem;
  -webkit-box-pack: center;
  -webkit-justify-content: center;
  -ms-flex-pack: center;
  justify-content: center;
}

.c3 {
  color: #4A5568;
  font-size: 1rem;
  font-weight: 500;
  -webkit-transition: color 150ms ease;
  transition: color 150ms ease;
}

.c5 {
  color: #718096;
  font-size: 0.875rem;
}

.c0 {
  -webkit-align-items: center;
  -webkit-box-align: center;
  -ms-flex-align: center;
  align-items: center;
  background-color: #EDF2F7;
  border-bottom: 1px solid #CBD5E0;
  cursor: pointer;
  display: -webkit-box;
  display: -webkit-flex;
  display: -ms-flexbox;
  display: flex;
  height: 5rem;
  gap: 1rem;
  padding: 0 1rem;
  -webkit-text-decoration: none;
  text-decoration: none;
  -webkit-transition: background-color 150ms ease;
  transition: background-color 150ms ease;
  -webkit-user-select: none;
  -moz-user-select: none;
  -ms-user-select: none;
  user-select: none;
  background-color: #90cdf4;
}

.c0 .c2,
.c0 .c4 {
  color: #2b6cb0;
}

<div>
  <a
    class="c0"
    href="/conversation/1"
    title="list.item.title"
  >
    <span
      style="box-sizing: border-box; display: inline-block; overflow: hidden; background: none; opacity: 1; border: 0px; margin: 0px; padding: 0px; position: relative; max-width: 100%;"
    >
      <span
        style="box-sizing: border-box; display: block; background: none; opacity: 1; border: 0px; margin: 0px; padding: 0px; max-width: 100%;"
      >
        <img
          alt=""
          aria-hidden="true"
          src="data:image/svg+xml,%3csvg%20xmlns=%27http://www.w3.org/2000/svg%27%20version=%271.1%27%20width=%2754%27%20height=%2754%27/%3e"
          style="display: block; max-width: 100%; background: none; opacity: 1; border: 0px; margin: 0px; padding: 0px;"
        />
      </span>
      <img
        alt="list.item.avatar.alt"
        data-nimg="intrinsic"
        decoding="async"
        src="data:image/gif;base64,R0lGODlhAQABAIAAAAAAAP///yH5BAEAAAAALAAAAAABAAEAAAIBRAA7"
        style="position: absolute; top: 0px; left: 0px; bottom: 0px; right: 0px; box-sizing: border-box; padding: 0px; margin: auto; display: block; width: 0px; height: 0px; min-width: 100%; max-width: 100%; min-height: 100%; max-height: 100%;"
      />
      <noscript />
    </span>
    <div
      class="c1"
    >
      <span
        class="c2 c3"
      >
        Jeremie
      </span>
      <span
        class="c2 c4 c3 c5"
      >
        10 months ago
      </span>
    </div>
  </a>
</div>
`;
