// Jest Snapshot v1, https://goo.gl/fbAQLP

exports[`Main should render correctly Main 1`] = `
.c0 {
  -webkit-box-flex: 1;
  -webkit-flex-grow: 1;
  -ms-flex-positive: 1;
  flex-grow: 1;
  max-width: 100%;
  min-height: calc(100% - 4rem - 4rem);
  width: 100%;
}

.c1 {
  margin: 0 auto;
  max-width: 72rem;
  padding: 2rem 1rem;
}

<div>
  <main
    class="c0"
  >
    <div
      class="c1"
    />
  </main>
</div>
`;
